icdf
1125278653883954157340515998824199281259686237023612910954531537010133365568
5485581780123676224984074899749002236148166431650497590243915223971292577
17842170241691453912141677461647358103546946338181118738604570718548080
43538699106868068808561503680708109912117284430088557923220935824303
85008817354919776986513548953593326094752560579206896166859206326
138328508214407784218646352510285887677303021571444942144212932
192946940473264032619492808002293590266469557064324916486706
235498963868775663540157747991701194152938740691242898919
255504995002156513848360474242833468958493714151012216
249505772801580009049072856702435230216536441494110
232834101038081471620316286291642591265760137159
11533551765583311484083562200606025547302501012
11353456917542541496993529059255898133794641608
11353321629946357024346977051186975261639061786
11353321535577219060847642123725989684858819334
11353321535515780819985988910882590605707269697
