289480223093290488558927462521719769633174961664101410098643960019782824099840